// Jest Snapshot v1, https://goo.gl/fbAQLP

exports[`Header should match snapshot 1`] = `
.emotion-0 {
  box-sizing: border-box;
  margin: 0;
  min-width: 0;
}

.emotion-1 {
  box-sizing: border-box;
  margin: 0;
  min-width: 0;
  display: -webkit-box;
  display: -webkit-flex;
  display: -ms-flexbox;
  display: flex;
}

.emotion-3 {
  box-sizing: border-box;
  margin: 0;
  min-width: 0;
  padding: 8px;
}

.emotion-5 {
  box-sizing: border-box;
  margin: 0;
  min-width: 0;
  background-color: var(--theme-ui-colors-primary);
  width: 18px;
  margin-bottom: 5px;
  border-radius: 4px;
}

.emotion-14 {
  box-sizing: border-box;
  margin: 0;
  min-width: 0;
  background-color: var(--theme-ui-colors-secondary);
  width: 18px;
  margin-bottom: 5px;
  border-radius: 4px;
}

<div>
  <div
    class="emotion-0"
    style="height: 114px; border-bottom: 2px solid #4F4F4F; width: 100%; align-items: center;"
  >
    <div
      class="emotion-1"
      style="display: flex; justify-content: space-between; padding: 36px 0px 26.5px 0px;"
    >
      <div
        class="emotion-0"
        style="padding: 0px; margin-left: 67px; color: rgb(224, 224, 224); cursor: pointer; font: Inter; font-weight: 300; font-size: 36px; line-height: 54px; letter-spacing: 0.2%;"
      >
        00
      </div>
      <div
        class="emotion-3"
        style="color: rgb(224, 224, 224); margin-right: 87px; cursor: pointer; font: Inter; font-weight: 300; font-size: 36px; line-height: 54px; letter-spacing: 0.2%;"
      >
        24
      </div>
    </div>
  </div>
  <div
    class="emotion-0"
    style="display: flex; justify-content: space-between; margin-top: 66px; height: 400px;"
  >
    <div
      class="emotion-5"
    />
    <div
      class="emotion-5"
    />
    <div
      class="emotion-5"
    />
    <div
      class="emotion-5"
    />
    <div
      class="emotion-5"
    />
    <div
      class="emotion-5"
    />
    <div
      class="emotion-5"
    />
    <div
      class="emotion-5"
    />
    <div
      class="emotion-5"
    />
    <div
      class="emotion-14"
    />
    <div
      class="emotion-14"
    />
    <div
      class="emotion-14"
    />
    <div
      class="emotion-14"
    />
    <div
      class="emotion-14"
    />
    <div
      class="emotion-14"
    />
    <div
      class="emotion-14"
    />
    <div
      class="emotion-14"
    />
    <div
      class="emotion-14"
    />
    <div
      class="emotion-14"
    />
    <div
      class="emotion-14"
    />
    <div
      class="emotion-14"
    />
    <div
      class="emotion-14"
    />
    <div
      class="emotion-14"
    />
    <div
      class="emotion-14"
    />
  </div>
  <div
    class="emotion-0"
    style="display: flex; align-items: center; justify-content: space-between; margin-top: 47px;"
  >
    <div
      class="emotion-0"
      style="display: flex; align-items: center; justify-content: center; gap: 21px;"
    >
      <div
        class="emotion-0"
        style="width: 29px; height: 29px; background-color: rgb(79, 79, 79); border-radius: 50%;"
      />
      <span
        class="emotion-0"
        style="width: 364px; height: 27px; font-family: Inter; font-weight: 400; font-size: 22px; line-height: 27px; color: rgb(255, 255, 255);"
      >
        Koramangala Thirdwave Coffeshop
      </span>
    </div>
    <span
      class="emotion-0"
      style="width: 52px; height: 17px; font-family: Inter; font-weight: 400; font-size: 14px; line-height: 17px; color: rgb(255, 255, 255); opacity: 0.5;"
    >
      Change
    </span>
  </div>
</div>
`;
